[    0.000000] Initializing cgroup subsys cpuset
[    0.000000] Initializing cgroup subsys cpu
[    0.000000] Initializing cgroup subsys cpuacct
[    0.000000] Linux version 4.4.0-72-generic (buildd@lcy01-26) (gcc version 5.4.0 20160609 (Ubuntu 5.4.0-6ubuntu1~16.04.4) ) #93-Ubuntu SMP Fri Mar 31 14:07:23 UTC 2017 (Ubuntu 4.4.0-72.93-generic 4.4.49)
[    0.000000] KERNEL supported cpus:
[    0.000000]   Intel GenuineIntel
[    0.000000]   AMD AuthenticAMD
[    0.000000]   NSC Geode by NSC
[    0.000000]   Cyrix CyrixInstead
[    0.000000]   Centaur CentaurHauls
[    0.000000]   Transmeta GenuineTMx86
[    0.000000]   Transmeta TransmetaCPU
[    0.000000]   UMC UMC UMC UMC
[    0.000000] ------------[ cut here ]------------
[    0.000000] WARNING: CPU: 0 PID: 0 at /build/linux-lMmA5I/linux-4.4.0/arch/x86/kernel/fpu/xstate.c:517 fpu__init_system_xstate+0x34a/0x6e8()
[    0.000000] XSAVE consistency problem, dumping leaves
[    0.000000] Modules linked in:
[    0.000000] CPU: 0 PID: 0 Comm: swapper Not tainted 4.4.0-72-generic #93-Ubuntu
[    0.000000]  c1adf967 e59bd3db 00200086 c1ad9e98 c13ac23f c1ad9ed8 c19c080c c1ad9ec8
[    0.000000]  c1070387 c19c09a0 c1ad9ef8 00000000 c19c080c 00000205 c1ba70f0 c1ba70f0
[    0.000000]  00000008 00000340 c1ad9f14 c1ad9ee4 c10703fe 00000009 c1ad9ed8 c19c09a0
[    0.000000] Call Trace:
[    0.000000]  [<c13ac23f>] dump_stack+0x58/0x79
[    0.000000]  [<c1070387>] warn_slowpath_common+0x87/0xc0
[    0.000000]  [<c1ba70f0>] ? fpu__init_system_xstate+0x34a/0x6e8
[    0.000000]  [<c1ba70f0>] ? fpu__init_system_xstate+0x34a/0x6e8
[    0.000000]  [<c10703fe>] warn_slowpath_fmt+0x3e/0x60
[    0.000000]  [<c1ba70f0>] fpu__init_system_xstate+0x34a/0x6e8
[    0.000000]  [<c1ba6ad2>] fpu__init_system+0x11e/0x24d
[    0.000000]  [<c103be61>] ? early_init_intel+0xc1/0x330
[    0.000000]  [<c1ba7b2c>] early_cpu_init+0x14e/0x156
[    0.000000]  [<c1ba7b2c>] ? early_cpu_init+0x14e/0x156
[    0.000000]  [<c1ba3157>] setup_arch+0xfb/0xd14
[    0.000000]  [<c1b99894>] start_kernel+0xc2/0x407
[    0.000000]  [<c1b992ff>] i386_start_kernel+0x9a/0x9e
[    0.000000] ---[ end trace 4d5ff9f2f68c4233 ]---
[    0.000000] CPUID[0d, 00]: eax=00000007 ebx=00000440 ecx=00000440 edx=00000000
[    0.000000] CPUID[0d, 01]: eax=00000000 ebx=000003c0 ecx=00000000 edx=00000000
[    0.000000] CPUID[0d, 02]: eax=00000100 ebx=00000240 ecx=00000000 edx=00000000
[    0.000000] CPUID[0d, 03]: eax=00000000 ebx=00000000 ecx=00000000 edx=00000000
[    0.000000] CPUID[0d, 04]: eax=00000000 ebx=00000000 ecx=00000000 edx=00000000
[    0.000000] CPUID[0d, 05]: eax=00000000 ebx=00000000 ecx=00000000 edx=00000000
[    0.000000] CPUID[0d, 06]: eax=00000000 ebx=00000000 ecx=00000000 edx=00000000
[    0.000000] CPUID[0d, 07]: eax=00000000 ebx=00000000 ecx=00000000 edx=00000000
[    0.000000] CPUID[0d, 08]: eax=00000000 ebx=00000000 ecx=00000000 edx=00000000
[    0.000000] CPUID[0d, 09]: eax=00000000 ebx=00000000 ecx=00000000 edx=00000000
[    0.000000] CPUID[0d, 0a]: eax=00000000 ebx=00000000 ecx=00000000 edx=00000000
[    0.000000] CPUID[0d, 0b]: eax=00000000 ebx=00000000 ecx=00000000 edx=00000000
[    0.000000] CPUID[0d, 0c]: eax=00000000 ebx=00000000 ecx=00000000 edx=00000000
[    0.000000] CPUID[0d, 0d]: eax=00000000 ebx=00000000 ecx=00000000 edx=00000000
[    0.000000] CPUID[0d, 0e]: eax=00000000 ebx=00000000 ecx=00000000 edx=00000000
[    0.000000] CPUID[0d, 0f]: eax=00000000 ebx=00000000 ecx=00000000 edx=00000000
[    0.000000] CPUID[0d, 10]: eax=00000000 ebx=00000000 ecx=00000000 edx=00000000
[    0.000000] CPUID[0d, 11]: eax=00000000 ebx=00000000 ecx=00000000 edx=00000000
[    0.000000] x86/fpu: xstate_offset[2]:  576, xstate_sizes[2]:  256
[    0.000000] x86/fpu: Supporting XSAVE feature 0x01: 'x87 floating point registers'
[    0.000000] x86/fpu: Supporting XSAVE feature 0x02: 'SSE registers'
[    0.000000] x86/fpu: Supporting XSAVE feature 0x04: 'AVX registers'
[    0.000000] x86/fpu: Enabled xstate features 0x7, context size is 1088 bytes, using 'standard' format.
[    0.000000] x86/fpu: Using 'lazy' FPU context switches.
[    0.000000] e820: BIOS-provided physical RAM map:
[    0.000000] BIOS-e820: [mem 0x0000000000000000-0x000000000009fbff] usable
[    0.000000] BIOS-e820: [mem 0x000000000009fc00-0x000000000009ffff] reserved
[    0.000000] BIOS-e820: [mem 0x00000000000f0000-0x00000000000fffff] reserved
[    0.000000] BIOS-e820: [mem 0x0000000000100000-0x000000003ffeffff] usable
[    0.000000] BIOS-e820: [mem 0x000000003fff0000-0x000000003fffffff] ACPI data
[    0.000000] BIOS-e820: [mem 0x00000000fec00000-0x00000000fec00fff] reserved
[    0.000000] BIOS-e820: [mem 0x00000000fee00000-0x00000000fee00fff] reserved
[    0.000000] BIOS-e820: [mem 0x00000000fffc0000-0x00000000ffffffff] reserved
[    0.000000] NX (Execute Disable) protection: active
[    0.000000] SMBIOS 2.5 present.
[    0.000000] Hypervisor detected: KVM
[    0.000000] e820: last_pfn = 0x3fff0 max_arch_pfn = 0x1000000
[    0.000000] MTRR: Disabled
[    0.000000] x86/PAT: MTRRs disabled, skipping PAT initialization too.
[    0.000000] x86/PAT: Configuration [0-7]: WB  WT  UC- UC  WB  WT  UC- UC  
[    0.000000] CPU MTRRs all blank - virtualized system.
[    0.000000] found SMP MP-table at [mem 0x0009fff0-0x0009ffff] mapped at [c009fff0]
[    0.000000] Scanning 1 areas for low memory corruption
[    0.000000] RAMDISK: [mem 0x36ae4000-0x37569fff]
[    0.000000] ACPI: Early table checksum verification disabled
[    0.000000] ACPI: RSDP 0x00000000000E0000 000024 (v02 VBOX  )
[    0.000000] ACPI: XSDT 0x000000003FFF0030 00003C (v01 VBOX   VBOXXSDT 00000001 ASL  00000061)
[    0.000000] ACPI: FACP 0x000000003FFF00F0 0000F4 (v04 VBOX   VBOXFACP 00000001 ASL  00000061)
[    0.000000] ACPI: DSDT 0x000000003FFF0470 0021C8 (v02 VBOX   VBOXBIOS 00000002 INTL 20100528)
[    0.000000] ACPI: FACS 0x000000003FFF0200 000040
[    0.000000] ACPI: FACS 0x000000003FFF0200 000040
[    0.000000] ACPI: APIC 0x000000003FFF0240 00005C (v02 VBOX   VBOXAPIC 00000001 ASL  00000061)
[    0.000000] ACPI: SSDT 0x000000003FFF02A0 0001CC (v01 VBOX   VBOXCPUT 00000002 INTL 20100528)
[    0.000000] 131MB HIGHMEM available.
[    0.000000] 891MB LOWMEM available.
[    0.000000]   mapped low ram: 0 - 37bfe000
[    0.000000]   low ram: 0 - 37bfe000
[    0.000000] kvm-clock: Using msrs 4b564d01 and 4b564d00
[    0.000000] kvm-clock: cpu 0, msr 0:37bfd001, primary cpu clock
[    0.000000] kvm-clock: using sched offset of 3116800638 cycles
[    0.000000] clocksource: kvm-clock: mask: 0xffffffffffffffff max_cycles: 0x1cd42e4dffb, max_idle_ns: 881590591483 ns
[    0.000000] Zone ranges:
[    0.000000]   DMA      [mem 0x0000000000001000-0x0000000000ffffff]
[    0.000000]   Normal   [mem 0x0000000001000000-0x0000000037bfdfff]
[    0.000000]   HighMem  [mem 0x0000000037bfe000-0x000000003ffeffff]
[    0.000000] Movable zone start for each node
[    0.000000] Early memory node ranges
[    0.000000]   node   0: [mem 0x0000000000001000-0x000000000009efff]
[    0.000000]   node   0: [mem 0x0000000000100000-0x000000003ffeffff]
[    0.000000] Initmem setup node 0 [mem 0x0000000000001000-0x000000003ffeffff]
[    0.000000] Using APIC driver default
[    0.000000] ACPI: PM-Timer IO Port: 0x4008
[    0.000000] IOAPIC[0]: apic_id 2, version 32, address 0xfec00000, GSI 0-23
[    0.000000] ACPI: INT_SRC_OVR (bus 0 bus_irq 0 global_irq 2 dfl dfl)
[    0.000000] ACPI: INT_SRC_OVR (bus 0 bus_irq 9 global_irq 9 high level)
[    0.000000] Using ACPI (MADT) for SMP configuration information
[    0.000000] smpboot: Allowing 2 CPUs, 0 hotplug CPUs
[    0.000000] PM: Registered nosave memory: [mem 0x00000000-0x00000fff]
[    0.000000] PM: Registered nosave memory: [mem 0x0009f000-0x0009ffff]
[    0.000000] PM: Registered nosave memory: [mem 0x000a0000-0x000effff]
[    0.000000] PM: Registered nosave memory: [mem 0x000f0000-0x000fffff]
[    0.000000] e820: [mem 0x40000000-0xfebfffff] available for PCI devices
[    0.000000] Booting paravirtualized kernel on KVM
[    0.000000] clocksource: refined-jiffies: mask: 0xffffffff max_cycles: 0xffffffff, max_idle_ns: 7645519600211568 ns
[    0.000000] setup_percpu: NR_CPUS:8 nr_cpumask_bits:8 nr_cpu_ids:2 nr_node_ids:1
[    0.000000] PERCPU: Embedded 19 pages/cpu @f76b0000 s47436 r0 d30388 u77824
[    0.000000] PV qspinlock hash table entries: 512 (order: 0, 4096 bytes)
[    0.000000] Built 1 zonelists in Zone order, mobility grouping on.  Total pages: 259800
[    0.000000] Kernel command line: BOOT_IMAGE=/boot/vmlinuz-4.4.0-72-generic root=LABEL=cloudimg-rootfs ro console=tty1 console=ttyS0
[    0.000000] PID hash table entries: 4096 (order: 2, 16384 bytes)
[    0.000000] Dentry cache hash table entries: 131072 (order: 7, 524288 bytes)
[    0.000000] Inode-cache hash table entries: 65536 (order: 6, 262144 bytes)
[    0.000000] Initializing CPU#0
[    0.000000] Initializing HighMem for node 0 (00037bfe:0003fff0)
[    0.000000] Initializing Movable for node 0 (00000000:00000000)
[    0.000000] Memory: 1012192K/1048120K available (7930K kernel code, 770K rwdata, 3160K rodata, 940K init, 800K bss, 35928K reserved, 0K cma-reserved, 135112K highmem)
[    0.000000] virtual kernel memory layout:
[    0.000000]     fixmap  : 0xfff15000 - 0xfffff000   ( 936 kB)
[    0.000000]     pkmap   : 0xffc00000 - 0xffe00000   (2048 kB)
[    0.000000]     vmalloc : 0xf83fe000 - 0xffbfe000   ( 120 MB)
[    0.000000]     lowmem  : 0xc0000000 - 0xf7bfe000   ( 891 MB)
[    0.000000]       .init : 0xc1b99000 - 0xc1c84000   ( 940 kB)
[    0.000000]       .data : 0xc17bed0b - 0xc1b97a00   (3939 kB)
[    0.000000]       .text : 0xc1000000 - 0xc17bed0b   (7931 kB)
[    0.000000] Checking if this processor honours the WP bit even in supervisor mode...Ok.
[    0.000000] SLUB: HWalign=64, Order=0-3, MinObjects=0, CPUs=2, Nodes=1
[    0.000000] Hierarchical RCU implementation.
[    0.000000] 	Build-time adjustment of leaf fanout to 32.
[    0.000000] 	RCU restricting CPUs from NR_CPUS=8 to nr_cpu_ids=2.
[    0.000000] RCU: Adjusting geometry for rcu_fanout_leaf=32, nr_cpu_ids=2
[    0.000000] NR_IRQS:2304 nr_irqs:440 16
[    0.000000] Console: colour VGA+ 80x25
[    0.000000] console [tty1] enabled
[    0.000000] console [ttyS0] enabled
[    0.000000] allocated 1048576 bytes of page_ext
[    0.000000] tsc: Detected 2808.002 MHz processor
[    8.136271] Calibrating delay loop (skipped) preset value.. 5616.00 BogoMIPS (lpj=11232008)
[    8.137807] pid_max: default: 32768 minimum: 301
[    8.138979] ACPI: Core revision 20150930
[    8.147414] ACPI: 2 ACPI AML tables successfully acquired and loaded
[    8.149896] Security Framework initialized
[    8.150672] Yama: becoming mindful.
[    8.170887] AppArmor: AppArmor initialized
[    8.171744] Mount-cache hash table entries: 2048 (order: 1, 8192 bytes)
[    8.180913] Mountpoint-cache hash table entries: 2048 (order: 1, 8192 bytes)
[    8.184697] Initializing cgroup subsys io
[    8.199414] Initializing cgroup subsys memory
[    8.201055] Initializing cgroup subsys devices
[    8.202154] Initializing cgroup subsys freezer
[    8.224852] Initializing cgroup subsys net_cls
[    8.225644] Initializing cgroup subsys perf_event
[    8.226417] Initializing cgroup subsys net_prio
[    8.227162] Initializing cgroup subsys hugetlb
[    8.227884] Initializing cgroup subsys pids
[    8.228697] CPU: Physical Processor ID: 0
[    8.229402] CPU: Processor Core ID: 0
[    8.233254] mce: CPU supports 0 MCE banks
[    8.233946] Last level iTLB entries: 4KB 64, 2MB 8, 4MB 8
[    8.234801] Last level dTLB entries: 4KB 64, 2MB 0, 4MB 0, 1GB 4
[    8.238617] Freeing SMP alternatives memory: 28K (c1c84000 - c1c8b000)
[    8.263478] ftrace: allocating 31396 entries in 62 pages
[    8.311752] smpboot: APIC(0) Converting physical 0 to logical package 0
[    8.340443] smpboot: Max logical packages: 1
[    8.341920] Enabling APIC mode:  Flat.  Using 1 I/O APICs
[    8.354923] ..TIMER: vector=0x30 apic1=0 pin1=2 apic2=-1 pin2=-1
[    8.463411] APIC calibration not consistent with PM-Timer: 98ms instead of 100ms
[    8.529759] APIC delta adjusted to PM-Timer: 6254960 (6170385)
[    8.532461] smpboot: CPU0: Intel(R) Core(TM) i7-6600U CPU @ 2.60GHz (family: 0x6, model: 0x4e, stepping: 0x3)
[    8.562025] Performance Events: unsupported p6 CPU model 78 no PMU driver, software events only.
[    8.581315] KVM setup paravirtual spinlock
[    8.594571] x86: Booting SMP configuration:
[    8.640235] .... node  #0, CPUs:      #1
[1266874886.592750] Initializing CPU#1
[    8.649815] kvm-clock: cpu 1, msr 0:37bfd041, secondary cpu clock
[    8.652720] mce: CPU supports 0 MCE banks
[    8.655200] x86: Booted up 1 node, 2 CPUs
[    8.698166] smpboot: Total of 2 processors activated (11232.00 BogoMIPS)
[    8.753656] devtmpfs: initialized
[    8.795175] evm: security.selinux
[    8.826429] evm: security.SMACK64
[    8.839459] evm: security.SMACK64EXEC
[    8.856739] evm: security.SMACK64TRANSMUTE
[    8.916720] evm: security.SMACK64MMAP
[    8.965535] evm: security.ima
[    9.008099] evm: security.capability
[    9.053120] clocksource: jiffies: mask: 0xffffffff max_cycles: 0xffffffff, max_idle_ns: 7645041785100000 ns
[    9.131153] pinctrl core: initialized pinctrl subsystem
[    9.165116] RTC time:  1:44:50, date: 05/01/17
[    9.204934] NET: Registered protocol family 16
[    9.268517] EISA bus registered
[    9.313755] cpuidle: using governor ladder
[    9.386550] cpuidle: using governor menu
[    9.435516] PCCT header not found.
[    9.478912] ACPI: bus type PCI registered
[    9.527447] acpiphp: ACPI Hot Plug PCI Controller Driver version: 0.5
[    9.592400] PCI : PCI BIOS area is rw and x. Use pci=nobios if you want it NX.
[    9.599497] PCI: PCI BIOS revision 2.10 entry at 0xfda26, last bus=0
[    9.600715] PCI: Using configuration type 1 for base access
[    9.680169] ACPI: Added _OSI(Module Device)
[    9.743476] ACPI: Added _OSI(Processor Device)
[    9.801364] ACPI: Added _OSI(3.0 _SCP Extensions)
[    9.839366] ACPI: Added _OSI(Processor Aggregator Device)
[    9.894069] ACPI: Executed 1 blocks of module-level executable AML code
[    9.985210] ACPI: Interpreter enabled
[   10.027831] ACPI: (supports S0 S5)
[   10.065961] ACPI: Using IOAPIC for interrupt routing
[   10.092912] PCI: Using host bridge windows from ACPI; if necessary, use "pci=nocrs" and report a bug
[   10.225884] ACPI: PCI Root Bridge [PCI0] (domain 0000 [bus 00-ff])
[   10.303238] acpi PNP0A03:00: _OSC: OS supports [ASPM ClockPM Segments MSI]
[   10.355660] acpi PNP0A03:00: _OSC failed (AE_NOT_FOUND); disabling ASPM
[   10.380715] acpi PNP0A03:00: fail to add MMCONFIG information, can't access extended PCI configuration space under this bridge.
[   10.480118] PCI host bridge to bus 0000:00
[   10.538238] pci_bus 0000:00: root bus resource [io  0x0000-0x0cf7 window]
[   10.607148] pci_bus 0000:00: root bus resource [io  0x0d00-0xffff window]
[   10.650488] pci_bus 0000:00: root bus resource [mem 0x000a0000-0x000bffff window]
[   10.653643] pci_bus 0000:00: root bus resource [mem 0x40000000-0xffdfffff window]
[   10.727504] pci_bus 0000:00: root bus resource [bus 00-ff]
[   10.799588] pci 0000:00:01.1: legacy IDE quirk: reg 0x10: [io  0x01f0-0x01f7]
[   10.846718] pci 0000:00:01.1: legacy IDE quirk: reg 0x14: [io  0x03f6]
[   10.915836] pci 0000:00:01.1: legacy IDE quirk: reg 0x18: [io  0x0170-0x0177]
[   11.015754] pci 0000:00:01.1: legacy IDE quirk: reg 0x1c: [io  0x0376]
[   11.109342] pci 0000:00:07.0: quirk: [io  0x4000-0x403f] claimed by PIIX4 ACPI
[   11.174273] pci 0000:00:07.0: quirk: [io  0x4100-0x410f] claimed by PIIX4 SMB
[   11.262789] ACPI: PCI Interrupt Link [LNKA] (IRQs 5 9 10 *11)
[   11.323553] ACPI: PCI Interrupt Link [LNKB] (IRQs 5 9 10 *11)
[   11.340726] ACPI: PCI Interrupt Link [LNKC] (IRQs 5 9 *10 11)
[   11.383653] ACPI: PCI Interrupt Link [LNKD] (IRQs 5 *9 10 11)
[   11.395267] ACPI: Enabled 2 GPEs in block 00 to 07
[   11.421223] vgaarb: setting as boot device: PCI:0000:00:02.0
[   11.482225] vgaarb: device added: PCI:0000:00:02.0,decodes=io+mem,owns=io+mem,locks=none
[   11.497373] vgaarb: loaded
[   11.522982] vgaarb: bridge control possible 0000:00:02.0
[   11.578455] SCSI subsystem initialized
[   11.625540] ACPI: bus type USB registered
[   11.656584] usbcore: registered new interface driver usbfs
[   11.696477] usbcore: registered new interface driver hub
[   11.702944] usbcore: registered new device driver usb
[   11.704325] PCI: Using ACPI for IRQ routing
[   11.734906] NetLabel: Initializing
[   11.774603] NetLabel:  domain hash size = 128
[   11.830891] NetLabel:  protocols = UNLABELED CIPSOv4
[   11.839317] NetLabel:  unlabeled traffic allowed by default
[   11.840753] amd_nb: Cannot enumerate AMD northbridges
[   11.897129] clocksource: Switched to clocksource kvm-clock
[   11.957454] AppArmor: AppArmor Filesystem Enabled
[   12.081575] pnp: PnP ACPI init
[   12.106230] pnp: PnP ACPI: found 3 devices
[   12.129774] PnPBIOS: Disabled by ACPI PNP
[   12.176063] clocksource: acpi_pm: mask: 0xffffff max_cycles: 0xffffff, max_idle_ns: 2085701024 ns
[   12.234826] NET: Registered protocol family 2
[   12.235764] TCP established hash table entries: 8192 (order: 3, 32768 bytes)
[   12.244537] TCP bind hash table entries: 8192 (order: 4, 65536 bytes)
[   12.245651] TCP: Hash tables configured (established 8192 bind 8192)
[   12.246788] UDP hash table entries: 512 (order: 2, 16384 bytes)
[   12.363701] UDP-Lite hash table entries: 512 (order: 2, 16384 bytes)
[   12.462796] NET: Registered protocol family 1
[   12.557896] pci 0000:00:00.0: Limiting direct PCI/PCI transfers
[   12.567395] pci 0000:00:01.0: Activating ISA DMA hang workarounds
[   12.591022] Unpacking initramfs...
[   14.328820] Freeing initrd memory: 10776K (f6ae4000 - f756a000)
[   14.405562] platform rtc_cmos: registered platform RTC device (no PNP device found)
[   14.525274] Scanning for low memory corruption every 60 seconds
[   14.621826] futex hash table entries: 512 (order: 3, 32768 bytes)
[   14.629290] audit: initializing netlink subsys (disabled)
[   14.693682] audit: type=2000 audit(1493603088.693:1): initialized
[   14.735745] Initialise system trusted keyring
[   14.797150] HugeTLB registered 2 MB page size, pre-allocated 0 pages
[   14.883531] zbud: loaded
[   14.895346] VFS: Disk quotas dquot_6.6.0
[   14.965237] VFS: Dquot-cache hash table entries: 1024 (order 0, 4096 bytes)
[   15.029781] squashfs: version 4.0 (2009/01/31) Phillip Lougher
[   15.126696] fuse init (API version 7.23)
[   15.230191] Key type big_key registered
[   15.332860] Allocating IMA MOK and blacklist keyrings.
[   15.396433] Key type asymmetric registered
[   15.433481] tsc: Refined TSC clocksource calibration: 2808.253 MHz
[   15.445133] Asymmetric key parser 'x509' registered
[   15.445152] bounce: pool size: 64 pages
ÿ[   15.445189] Block layer SCSI generic (bsg) driver version 0.4 loaded (major 249)
[   15.525531] io scheduler noop registered
[   15.525533] io scheduler deadline registered (default)
[   15.525584] io scheduler cfq registered
[   15.525673] pci_hotplug: PCI Hot Plug PCI Core version: 0.5
[   15.525678] pciehp: PCI Express Hot Plug Controller Driver version: 0.4
[   15.525781] ACPI: AC Adapter [AC] (off-line)
[   15.525821] input: Power Button as /devices/LNXSYSTM:00/LNXPWRBN:00/input/input0
[   15.525823] ACPI: Power Button [PWRF]
[   15.525873] input: Sleep Button as /devices/LNXSYSTM:00/LNXSLPBN:00/input/input1
[   15.525874] ACPI: Sleep Button [SLPF]
[   15.525994] GHES: HEST is not enabled!
[   15.526642] ACPI: Battery Slot [BAT0] (battery present)
[   15.526662] isapnp: Scanning for PnP cards...
[   15.532214] Serial: 8250/16550 driver, 32 ports, IRQ sharing enabled
[   15.622757] 00:02: ttyS0 at I/O 0x3f8 (irq = 4, base_baud = 115200) is a 16550A
[   15.865531] clocksource: tsc: mask: 0xffffffffffffffff max_cycles: 0x287ab524af8, max_idle_ns: 440795342536 ns
[   15.982604] Linux agpgart interface v0.103
[   15.997901] loop: module loaded
[   16.002112] scsi host0: ata_piix
[   16.002727] scsi host1: ata_piix
[   16.003318] ata1: PATA max UDMA/33 cmd 0x1f0 ctl 0x3f6 bmdma 0xd000 irq 14
[   16.007503] ata2: PATA max UDMA/33 cmd 0x170 ctl 0x376 bmdma 0xd008 irq 15
[   16.016825] libphy: Fixed MDIO Bus: probed
[   16.017607] tun: Universal TUN/TAP device driver, 1.6
[   16.018473] tun: (C) 1999-2004 Max Krasnyansky <maxk@qualcomm.com>
[   16.019517] PPP generic driver version 2.4.2
[   16.020349] ehci_hcd: USB 2.0 'Enhanced' Host Controller (EHCI) Driver
[   16.021431] ehci-pci: EHCI PCI platform driver
[   16.022235] ehci-platform: EHCI generic platform driver
[   16.023143] ohci_hcd: USB 1.1 'Open' Host Controller (OHCI) Driver
[   16.024159] ohci-pci: OHCI PCI platform driver
[   16.024964] ohci-platform: OHCI generic platform driver
[   16.034117] uhci_hcd: USB Universal Host Controller Interface driver
[   16.035204] i8042: PNP: PS/2 Controller [PNP0303:PS2K,PNP0f03:PS2M] at 0x60,0x64 irq 1,12
[   16.079169] serio: i8042 KBD port at 0x60,0x64 irq 1
[   16.081133] serio: i8042 AUX port at 0x60,0x64 irq 12
[   16.082133] mousedev: PS/2 mouse device common for all mice
[   16.108965] input: AT Translated Set 2 keyboard as /devices/platform/i8042/serio0/input/input2
[   16.111981] rtc_cmos rtc_cmos: rtc core: registered rtc_cmos as rtc0
[   16.113156] rtc_cmos rtc_cmos: alarms up to one day, 114 bytes nvram
[   16.114234] i2c /dev entries driver
[   16.114953] device-mapper: uevent: version 1.0.3
[   16.115816] device-mapper: ioctl: 4.34.0-ioctl (2015-10-28) initialised: dm-devel@redhat.com
[   16.117308] platform eisa.0: Probing EISA bus 0
[   16.118147] platform eisa.0: EISA: Cannot allocate resource for mainboard
[   16.119246] platform eisa.0: Cannot allocate resource for EISA slot 1
[   16.120290] platform eisa.0: Cannot allocate resource for EISA slot 2
[   16.121334] platform eisa.0: Cannot allocate resource for EISA slot 3
[   16.122416] platform eisa.0: Cannot allocate resource for EISA slot 4
[   16.123478] platform eisa.0: Cannot allocate resource for EISA slot 5
[   16.124521] platform eisa.0: Cannot allocate resource for EISA slot 6
[   16.125769] platform eisa.0: Cannot allocate resource for EISA slot 7
[   16.126998] platform eisa.0: Cannot allocate resource for EISA slot 8
[   16.129277] platform eisa.0: EISA: Detected 0 cards
[   16.138833] cpufreq-nforce2: No nForce2 chipset.
[   16.139658] ledtrig-cpu: registered to indicate activity on CPUs
[   16.142359] NET: Registered protocol family 10
[   16.143315] NET: Registered protocol family 17
[   16.154298] Key type dns_resolver registered
[   16.155252] microcode: CPU0 sig=0x406e3, pf=0x2, revision=0x0
[   16.156618] isapnp: No Plug & Play device found
[   16.288227] microcode: CPU1 sig=0x406e3, pf=0x2, revision=0x0
[   16.289241] microcode: Microcode Update Driver: v2.01 <tigran@aivazian.fsnet.co.uk>, Peter Oruba
[   16.293290] Using IPI No-Shortcut mode
[   16.340469] registered taskstats version 1
[   16.379590] Loading compiled-in X.509 certificates
[   16.441184] Loaded X.509 cert 'Build time autogenerated kernel key: 3cb92b22054f9a517a2a4c6457de97d88531dff7'
[   16.627640] zswap: loaded using pool lzo/zbud
[   16.700636] Key type trusted registered
[   16.706504] Key type encrypted registered
[   16.752503] AppArmor: AppArmor sha1 policy hashing enabled
[   16.776430] ima: No TPM chip found, activating TPM-bypass!
[   16.798133] evm: HMAC attrs: 0x1
[   16.815397]   Magic number: 1:853:709
[   16.865523] rtc_cmos rtc_cmos: setting system clock to 2017-05-01 01:44:57 UTC (1493603097)
[   16.867858] BIOS EDD facility v0.16 2004-Jun-25, 0 devices found
[   16.945029] EDD information not available.
[   16.951858] Freeing unused kernel memory: 940K (c1b99000 - c1c84000)
[   16.961768] Write protecting the kernel text: 7932k
[   16.964245] Write protecting the kernel read-only data: 3168k
[   16.966205] NX-protecting the kernel data: 6404k
Loading, please wait...
starting version[   16.982071] random: systemd-udevd: uninitialized urandom read (16 bytes read, 0 bits of entropy available)
 229
[   16.982656] random: udevadm: uninitialized urandom read (16 bytes read, 0 bits of entropy available)
[   16.982696] random: udevadm: uninitialized urandom read (16 bytes read, 0 bits of entropy available)
[   16.982858] random: udevadm: uninitialized urandom read (16 bytes read, 0 bits of entropy available)
[   16.982916] random: udevadm: uninitialized urandom read (16 bytes read, 0 bits of entropy available)
[   16.982967] random: udevadm: uninitialized urandom read (16 bytes read, 0 bits of entropy available)
[   16.983018] random: udevadm: uninitialized urandom read (16 bytes read, 0 bits of entropy available)
[   16.983068] random: udevadm: uninitialized urandom read (16 bytes read, 0 bits of entropy available)
[   16.983115] random: udevadm: uninitialized urandom read (16 bytes read, 0 bits of entropy available)
[   16.983163] random: udevadm: uninitialized urandom read (16 bytes read, 0 bits of entropy available)
[   17.180833] Fusion MPT base driver 3.04.20
[   17.187315] Copyright (c) 1999-2008 LSI Corporation
[   17.238649] e1000: Intel(R) PRO/1000 Network Driver - version 7.3.21-k8-NAPI
[   17.249982] e1000: Copyright (c) 1999-2006 Intel Corporation.
[   17.262944] Fusion MPT SPI Host driver 3.04.20
[   17.507390] input: ImExPS/2 Generic Explorer Mouse as /devices/platform/i8042/serio1/input/input4
[   17.641910] e1000 0000:00:03.0 eth0: (PCI:33MHz:32-bit) 02:b4:50:8c:bb:de
[   17.674891] e1000 0000:00:03.0 eth0: Intel(R) PRO/1000 Network Connection
[   17.697401] mptbase: ioc0: Initiating bringup
[   17.697685] e1000 0000:00:03.0 enp0s3: renamed from eth0
[   17.785125] ioc0: LSI53C1030 A0: Capabilities={Initiator}
[   18.056794] scsi host2: ioc0: LSI53C1030 A0, FwRev=00000000h, Ports=1, MaxQ=256, IRQ=20
[   18.199158] scsi 2:0:0:0: Direct-Access     VBOX     HARDDISK         1.0  PQ: 0 ANSI: 5
[   18.218316] scsi target2:0:0: Beginning Domain Validation
[   18.225501] scsi target2:0:0: Domain Validation skipping write tests
[   18.233442] scsi target2:0:0: Ending Domain Validation
[   18.235860] scsi target2:0:0: asynchronous
[   18.241036] scsi 2:0:1:0: Direct-Access     VBOX     HARDDISK         1.0  PQ: 0 ANSI: 5
[   18.269043] scsi target2:0:1: Beginning Domain Validation
[   18.270888] scsi target2:0:1: Domain Validation skipping write tests
[   18.273228] scsi target2:0:1: Ending Domain Validation
[   18.274306] scsi target2:0:1: asynchronous
[   18.288642] sd 2:0:0:0: [sda] 20971520 512-byte logical blocks: (10.7 GB/10.0 GiB)
[   18.288720] sd 2:0:0:0: Attached scsi generic sg0 type 0
[   18.326269] sd 2:0:1:0: [sdb] 20480 512-byte logical blocks: (10.5 MB/10.0 MiB)
[   18.326404] sd 2:0:1:0: [sdb] Write Protect is off
[   18.326549] sd 2:0:1:0: [sdb] Incomplete mode parameter data
[   18.326550] sd 2:0:1:0: [sdb] Assuming drive cache: write through
[   18.326564] sd 2:0:1:0: Attached scsi generic sg1 type 0
[   18.335047] sd 2:0:1:0: [sdb] Attached SCSI disk
[   18.358122] sd 2:0:0:0: [sda] Write Protect is off
[   18.359010] sd 2:0:0:0: [sda] Incomplete mode parameter data
[   18.359925] sd 2:0:0:0: [sda] Assuming drive cache: write through
[   18.367252]  sda: sda1
[   18.375907] sd 2:0:0:0: [sda] Attached SCSI disk
[   20.337837] floppy0: no floppy controllers found
Begin: Loading e[   21.788923] md: linear personality registered for level -1
ssential drivers ... [   21.801438] md: multipath personality registered for level -4
[   21.837534] md: raid0 personality registered for level 0
[   21.871759] md: raid1 personality registered for level 1
[   21.958049] raid6: mmxx1    gen()  4251 MB/s
[   22.053717] raid6: mmxx2    gen()  4510 MB/s
[   22.129204] raid6: sse1x1   gen()  3012 MB/s
[   22.229572] raid6: sse1x2   gen()  4262 MB/s
[   22.313818] raid6: sse2x1   gen()  9565 MB/s
[   22.389379] raid6: sse2x1   xor()  6217 MB/s
[   22.469384] raid6: sse2x2   gen()  9773 MB/s
[   22.593460] raid6: sse2x2   xor()  7472 MB/s
[   22.606069] raid6: using algorithm sse2x2 gen() 9773 MB/s
[   22.621003] raid6: .... xor() 7472 MB/s, rmw enabled
[   22.633449] raid6: using ssse3x1 recovery algorithm
[   22.666060] xor: automatically using best checksumming function:
[   22.717774]    avx       : 12930.000 MB/sec
[   22.725283] async_tx: api initialized (async)
[   22.766298] md: raid6 personality registered for level 6
[   22.774823] md: raid5 personality registered for level 5
[   22.777464] md: raid4 personality registered for level 4
[   22.812095] md: raid10 personality registered for level 10
done.
Begin: Running /scripts/init-premount ... done.
Begin: Mounting root file system ... Begin: Running /scripts/local-top ... done.
Begin: Running /scripts/local-premount ... [   22.907198] Btrfs loaded
Scanning for Btrfs filesystems
done.
Warning: fsck not present, so skipping root file[   22.961665] EXT4-fs (sda1): mounted filesystem with ordered data mode. Opts: (null)
 system
done.
Begin: Running /scripts/local-bottom ... done.
Begin: Running /scripts/init-bottom ... done.
[   23.164391] systemd[1]: systemd 229 running in system mode. (+PAM +AUDIT +SELINUX +IMA +APPARMOR +SMACK +SYSVINIT +UTMP +LIBCRYPTSETUP +GCRYPT +GNUTLS +ACL +XZ -LZ4 +SECCOMP +BLKID +ELFUTILS +KMOD -IDN)
[   23.175114] systemd[1]: Detected virtualization oracle.
[   23.185514] systemd[1]: Detected architecture x86.

Welcome to [1mUbuntu 16.04.2 LTS[0m!

[   23.204202] systemd[1]: Set hostname to <ubuntu>.
[   23.218867] systemd[1]: Initializing machine ID from random generator.
[   23.227703] systemd[1]: Installed transient /etc/machine-id file.
[   23.442609] systemd[1]: Started Forward Password Requests to Wall Directory Watch.
[[0;32m  OK  [0m] Started Forward Password Requests to Wall Directory Watch.
[   23.533592] systemd[1]: Reached target Swap.
[[0;32m  OK  [0m] Reached target Swap.
[   23.617793] systemd[1]: Listening on udev Kernel Socket.
[[0;32m  OK  [0m] Listening on udev Kernel Socket.
[   23.741434] systemd[1]: Listening on LVM2 poll daemon socket.
[[0;32m  OK  [0m] Listening on LVM2 poll daemon socket.
[   23.846441] systemd[1]: Listening on Device-mapper event daemon FIFOs.
[[0;32m  OK  [0m] Listening on Device-mapper event daemon FIFOs.
[   23.962505] systemd[1]: Set up automount Arbitrary Executable File Formats File System Automount Point.
[[0;32m  OK  [0m] Set up automount Arbitrary Executab...ats File System Automount Point.
[   24.074503] systemd[1]: Listening on /dev/initctl Compatibility Named Pipe.
[[0;32m  OK  [0m] Listening on /dev/initctl Compatibility Named Pipe.
[   24.158355] systemd[1]: Listening on Journal Socket.
[[0;32m  OK  [0m] Listening on Journal Socket.
[   24.189322] systemd[1]: Listening on Syslog Socket.
[[0;32m  OK  [0m] Listening on Syslog Socket.
[   24.222211] systemd[1]: Listening on Journal Audit Socket.
[[0;32m  OK  [0m] Listening on Journal Audit Socket.
[   24.306756] systemd[1]: Created slice User and Session Slice.
[[0;32m  OK  [0m] Created slice User and Session Slice.
[   24.348015] systemd[1]: Created slice System Slice.
[[0;32m  OK  [0m] Created slice System Slice.
[   24.382490] systemd[1]: Starting Remount Root and Kernel File Systems...
         Starting Remount[   24.416902] EXT4-fs (sda1): re-mounted. Opts: (null)
 Root and Kernel File Systems...
[   24.493358] systemd[1]: Mounting Debug File System...
         Mounting Debug File System...
[   24.526999] systemd[1]: Starting Create list of required static device nodes for the current kernel...
         Starting Create list of required st... nodes for the current kernel...
[   24.552242] systemd[1]: Reached target Slices.
[[0;32m  OK  [0m] Reached target Slices.
[   24.581382] systemd[1]: Starting Set console keymap...
         Starting Set console keymap...
[   24.589028] systemd[1]: Mounting POSIX Message Queue File System...
         Mounting POSIX Message Queue File System...
[   24.637259] systemd[1]: Created slice system-serial\x2dgetty.slice.
[[0;32m  OK  [0m] Created slice system-serial\x2dgetty.slice.
[   24.663426] systemd[1]: Mounting Huge Pages File System...
         Mounting Huge Pages File System...
[   24.672901] random: nonblocking pool is initialized
[   24.682082] systemd[1]: Starting Load Kernel Modules...
         Starting Load Kernel Modules...
[   24.718525] systemd[1]: Reached target User and Group Name Lookups.
[   24.726408] Loading iSCSI transport class v2.0-870.
[[0;32m  OK  [0m] Reached target User and Group Name Lookups.
[   24.821812] iscsi: registered transport (tcp)
[   24.838816] systemd[1]: Listening on Journal Socket (/dev/log).
[[0;32m  OK  [0m] Listening on Journal Socket (/dev/log).
[   24.921539] systemd[1]: Starting Journal Service...
         Starting Journal Service...
[   24.932483] systemd[1]: Reached target Encrypted Volumes.
[[0;32m  OK  [0m] Reached target Encrypted Volumes.
[   24.942256] systemd[1]: Starting Uncomplicated firewall...
[   24.942273] iscsi: registered transport (iser)
         Starting Uncomplicated firewall...
[   24.986351] systemd[1]: Listening on LVM2 metadata daemon socket.
[[0;32m  OK  [0m] Listening on LVM2 metadata daemon socket.
[   25.073519] systemd[1]: Starting Monitoring of LVM2 mirrors, snapshots etc. using dmeventd or progress polling...
         Starting Monitoring of LVM2 mirrors... dmeventd or progress polling...
[   25.118613] systemd[1]: Listening on udev Control Socket.
[[0;32m  OK  [0m] Listening on udev Control Socket.
[   25.162300] systemd[1]: Starting Nameserver information manager...
         Starting Nameserver information manager...
[   25.218054] systemd[1]: Mounted Huge Pages File System.
[[0;32m  OK  [0m] Mounted Huge Pages File System.
[   25.252009] systemd[1]: Mounted Debug File System.
[[0;32m  OK  [0m] Mounted Debug File System.
[   25.270495] systemd[1]: Mounted POSIX Message Queue File System.
[[0;32m  OK  [0m] Mounted POSIX Message Queue File System.
[   25.349966] systemd[1]: Started Journal Service.
[[0;32m  OK  [0m] Started Journal Service.
[[0;32m  OK  [0m] Started Remount Root and Kernel File Systems.
[[0;32m  OK  [0m] Started Create list of required sta...ce nodes for the current kernel.
[[0;32m  OK  [0m] Started Set console keymap.
[[0;32m  OK  [0m] Started Load Kernel Modules.
[[0;32m  OK  [0m] Started Uncomplicated firewall.
[[0;32m  OK  [0m] Started Nameserver information manager.
[[0;32m  OK  [0m] Started LVM2 metadata daemon.
         Starting Apply Kernel Variables...
         Mounting FUSE Control File System...
         Starting Create Static Device Nodes in /dev...
         Starting udev Coldplug all Devices...
         Starting Load/Save Random Seed...
         Starting Initial cloud-init job (pre-networking)...
         Starting Flush Journal to Persistent Storage...
[[0;32m  OK  [0m] Mounted FUSE Control File System.
[[0;32m  OK  [0m] Started Apply Kernel Variables.
[[0;32m  OK  [0m] Started Create Static Device Nodes in /dev.
[[0;32m  OK  [0m] Started Load/Save Random Seed.
[[0;32m  OK  [0m] Started udev Coldplug all Devices.
[[0;32m  OK  [0m] Started Flush Journal to Persistent Storage.
         Starting udev Kernel Device Manager...
[[0;32m  OK  [0m] Started udev Kernel Device Manager.
[[0;32m  OK  [0m] Started Dispatch Password Requests to Console Directory Watch.
[[0;32m  OK  [0m] Started Monitoring of LVM2 mirrors,...ng dmeventd or progress polling.
[[0;32m  OK  [0m] Reached target Local File Systems (Pre).
[[0;32m  OK  [0m] Reached target Local File Systems.
         Starting Commit a transient machine-id on disk...
         Starting Create Volatile Files and Directories...
         Starting Tell Plymouth To Write Out Runtime Data...
         Starting Set console font and keymap...
         Starting LSB: AppArmor initialization...
[[0;32m  OK  [0m] Started Commit a transient machine-id on disk.
[[0;32m  OK  [0m] Started Create Volatile Files and Directories.
[[0;32m  OK  [0m] Started Tell Plymouth To Write Out Runtime Data.
[[0;32m  OK  [0m] Found device /dev/ttyS0.
         Starting Update UTMP about System Boot/Shutdown...
[[0;32m  OK  [0m] Reached target System Time Synchronized.
[[0;32m  OK  [0m] Started Update UTMP about System Boot/Shutdown.
[[0;32m  OK  [0m] Listening on Load/Save RF Kill Switch Status /dev/rfkill Watch.
[[0;32m  OK  [0m] Started Set console font and keymap.
[[0;32m  OK  [0m] Created slice system-getty.slice.
[   16.790070] cloud-init[456]: Cloud-init v. 0.7.9 running 'init-local' at Mon, 01 May 2017 01:45:08 +0000. Up 16.04 seconds.
[[0;32m  OK  [0m] Started Initial cloud-init job (pre-networking).
[[0;32m  OK  [0m] Reached target Network (Pre).
[[0;32m  OK  [0m] Started LSB: AppArmor initialization.
         Starting Raise network interfaces...
[[0;32m  OK  [0m] Started Raise network interfaces.
         Starting Initial cloud-init job (metadata service crawler)...
[[0;32m  OK  [0m] Reached target Network.
[   19.820413] cloud-init[930]: Cloud-init v. 0.7.9 running 'init' at Mon, 01 May 2017 01:45:10 +0000. Up 18.71 seconds.
[   19.854567] cloud-init[930]: ci-info: +++++++++++++++++++++++++++++++++++++Net device info++++++++++++++++++++++++++++++++++++++
[   19.977722] [cloud-init[0;32m  OK  [0m[930]: ] ci-info: +--------+------+----------------------------+---------------+-------+-------------------+Started Initial cloud-init job (metadata service crawler).

[   19.980633] cloud-init[930]: ci-info: | Device |  Up  |          Address           |      Mask     | Scope |     Hw-Address    |
[   20.213288] [cloud-init[0;32m  OK  [0m[930]: ] ci-info: +--------+------+----------------------------+---------------+-------+-------------------+Reached target Network is Online.

[   20.215746] cloud-init[930]: ci-info: | enp0s3 | True |         10.0.2.15          | 255.255.255.0 |   .   | 02:b4:50:8c:bb:de |
         Starting iSCSI initiator daemon (iscsid)...
[[0;32m  OK  [0m] Reached target Cloud-config availability.
[[0;32m  OK  [0m] Reached target System Initialization.
[[0;32m  OK  [0m] Started Daily Cleanup of Temporary Directories.
[   20.390387] cloud-init[930]: ci-info: | enp0s3 | True | fe80::b4:50ff:fe8c:bbde/64 |       .       |  link | 02:b4:50:8c:bb:de |
         Starting LXD - unix socket.
[[0;32m  OK  [0m] Started Timer to automatically refresh installed snaps.
[[0;32m  OK  [0m] Started Daily apt activities.
[[0;32m  OK  [0m] Reached target Timers.
[[0;32m  OK  [0m] Listening on UUID daemon activation socket.
[[0;32m  OK  [0m] Listening on D-Bus System Message Bus Socket.
[[0;32m  OK  [0m] Started Trigger resolvconf update for networkd DNS.
         Starting Socket activation for snappy daemon.
[   20.480063] cloud-init[930]: ci-info: |   lo   | True |         127.0.0.1          |   255.0.0.0   |   .   |         .         |
[[0;32m  OK  [0m] Started ACPI Events Check.
[[0;32m  OK  [0m] Reached target Paths.
[[0;32m  OK  [0m] Listening on ACPID Listen Socket.
[   20.582268] cloud-init[930]: ci-info: |   lo   | True |          ::1/128           |       .       |  host |         .         |
[   20.685432] cloud-init[930]: ci-info: +--------+------+----------------------------+---------------+-------+-------------------+
[   20.686020] cloud-init[930]: ci-info: +++++++++++++++++++++++++++Route IPv4 info++++++++++++++++++++++++++++
[   20.686827] cloud-init[930]: ci-info: +-------+-------------+----------+---------------+-----------+-------+
[   20.687091] cloud-init[930]: ci-info: | Route | Destination | Gateway  |    Genmask    | Interface | Flags |
[   20.687294] cloud-init[930]: ci-info: +-------+-------------+----------+---------------+-----------+-------+
[   20.687492] cloud-init[930]: ci-info: |   0   |   0.0.0.0   | 10.0.2.2 |    0.0.0.0    |   enp0s3  |   UG  |
[   20.687804] cloud-init[930]: ci-info: |   1   |   10.0.2.0  | 0.0.0.0  | 255.255.255.0 |   enp0s3  |   U   |
[[0;32m  OK  [0m] Listening on LXD - unix socket.
[[0;32m  OK  [0m] Listening on Socket activation for snappy daemon.
[   20.688739] cloud-init[930]: ci-info: +-------+-------------+----------+---------------+-----------+-------+
[   20.921163] cloud-init[930]: Generating public/private rsa key pair.
[   20.989141] cloud-init[930]: Your identification has been saved in /etc/ssh/ssh_host_rsa_key.
[[0;32m  OK  [0m] Started iSCSI initiator daemon (iscsid).
[   21.099697] cloud-init[930]: Your public key has been saved in /etc/ssh/ssh_host_rsa_key.pub.
[   21.195335] cloud-init[930]: The key fingerprint is:
[   21.206511] cloud-init[930]: SHA256:x2GEfDv6NfB5Al5+7ehIf19EVm3H0dvcK49gBRqN4H8 root@ubuntu-xenial
[   21.284653] cloud-init[930]: The key's randomart image is:
[   21.285380] cloud-init[930]: +---[RSA 2048]----+
         Starting Login to default iSCSI targets...
[   21.285670] cloud-init[930]: |       o..+    o=|
[   21.401188] cloud-init[930]: |      . o+.o    B|
[   21.402272] cloud-init[930]: |       . .=..  oB|
[[0;32m  OK  [0m] Reached target Sockets.
[   21.402599] cloud-init[930]: |        .+=... ++|
[   21.466080] cloud-init[930]: |        S+oE.. .o|
[[0;32m  OK  [0m] Reached target Basic System.
[   21.466440] cloud-init[930]: |        ..ooB.oo.|
[   21.653192] cloud-init[930]: |         ...o=+o.|
[   21.654978] cloud-init[930]: |          .. +..+|
         Starting LXD - container startup/shutdown...
[   21.655753] cloud-init[930]: |            ..o.o|
         Starting Accounts Service...
[   21.802126] cloud-init[930]: +----[SHA256]-----+
[   21.860771] cloud-init[930]: Generating public/private dsa key pair.
         Starting LSB: Record successful boot for GRUB...
[   21.880834] cloud-init[930]: Your identification has been saved in /etc/ssh/ssh_host_dsa_key.
[   21.932830]          cloud-initStarting Pollinate to seed the pseudo random number generator...[930]: 
Your public key has been saved in /etc/ssh/ssh_host_dsa_key.pub.
[   21.997686] [cloud-init[0;32m  OK  [0m[930]: ] The key fingerprint is:Started Regular background program processing daemon.

[   21.998241] cloud-init[930]: SHA256:79IS4Fi+JZ2vlKhVzE8QO24gylCuiNB2zt9tAqZI6Kw root@ubuntu-xenial
[   22.206309]          Starting System Logging Service...
cloud-init[930]: The key's randomart image is:
[[0;32m  OK  [0m] Started D-Bus System Message Bus.
[   22.277939] cloud-init[930]: +---[DSA 1024]----+
[   22.313137] cloud-init[930]: |  .     .        |
[   22.340621] cloud-init[930]: | +       o       |
[   22.341058] cloud-init[930]: |o + o . +        |
         Starting Login Service...
[   22.341191] cloud-init[930]: |+* = .o= o       |
[[   22.398921] cloud-init[930]: |= + o=ooS..      |
[   22.399679] cloud-init[930]: |o. ..++*=*       |
[0;32m  OK  [0m] Started Snappy daemon.
[   22.399807] cloud-init[930]: | o. . ++=+=      |
[   22.476547] cloud-init[930]: |.    o..o+o      |
[   22.476818] cloud-init[930]: |E   .   .+.      |
[   22.476986] cloud-init[930]: +----[SHA256]-----+
         Starting Auto import assertions from block devices...
[   22.477024] cloud-init[930]: Generating public/private ecdsa key pair.
         Starting LSB: MD monitoring daemon...
[   22.693844] cloud-init[930]: Your identification has been saved in /etc/ssh/ssh_host_ecdsa_key.
[[0;32m  OK  [0m[   22.750559] cloud-init[930]: Your public key has been saved in /etc/ssh/ssh_host_ecdsa_key.pub.
[   22.757466] cloud-init[930]: The key fingerprint is:
[   22.758291] cloud-init[930]: SHA256:IlpV1ZiZKSaO9sZVugSSla+AxHk4oShApBrsnGhZg4w root@ubuntu-xenial
[   22.762263] cloud-init[930]: The key's randomart image is:
[   22.763190] cloud-init[930]: +---[ECDSA 256]---+
[   22.764479] cloud-init[930]: |++.+ o.....B     |
[   22.766175] cloud-init[930]: |B.B + +.o B .    |
[   22.766807] cloud-init[930]: |E= * +.= +       |
[   22.767467] cloud-init[930]: |*.= =.. =        |
] Started Deferred execution scheduler.
[   22.769323] cloud-init[930]: |o* .o+.+S.       |
[   22.922077] cloud-init[930]: |.  o .=..        |
[   22.938899] cloud-init[930]: |  .  .           |
[   22.939534] cloud-init[930]: |                 |
[[0;32m  OK  [0m] Started FUSE filesystem for LXC.
[   22.939877] cloud-init[930]: |                 |
[   23.041038] cloud-init[930]: +----[SHA256]-----+
[   23.056796] cloud-init[930]: Generating public/private ed25519 key pair.
         Starting /etc/rc.local Compatibility...
[   23.083746] cloud-init[930]: Your identification has been saved in /etc/ssh/ssh_host_ed25519_key.
[   23.121571] cloud-init[930]: Your public key has been saved in /etc/ssh/ssh_host_ed25519_key.pub.
[   23.147605] cloud-init[930]: The key fingerprint is:
[   23.148309] cloud-init[930]: SHA256:ubmXfPZCg/FRJ5JtOdSWFI2kxqlV/fctdqSsoYRxf8o root@ubuntu-xenial
[   23.148358] cloud-init[930]: The key's randomart image is:
[   23.148495] cloud-init[930]: +--[ED25519 256]--+
[   23.148552] cloud-init[930]: |             ==B+|
[   23.148623] cloud-init[930]: |           .o+O.*|
[   23.148662] cloud-init[930]: |            *+ =.|
[   23.148700] cloud-init[930]: |        ..o+.   +|
[   23.148738] cloud-init[930]: |        S+.= o o+|
[   23.148782] cloud-init[930]: |        .oo * * +|
[   23.148834] cloud-init[930]: |        oo = B o |
[   23.148891] cloud-init[930]: |         .= E    |
[   23.148941] cloud-init[930]: |        .. o o.  |
[   23.148994] cloud-init[930]: +----[SHA256]-----+
         Starting Apply the settings specified in cloud-config...
[[0;32m  OK  [0m] Started ACPI event daemon.
[[0;32m  OK  [0m] Started System Logging Service.
[[0;32m  OK  [0m] Started LXD - container startup/shutdown.
[   23.618780] cloud-init[1130]: Generating locales (this might take a while)...
[[0;32m  OK  [0m] Started Pollinate to seed the pseudo random number generator.
[[0;32m  OK  [0m] Started Auto import assertions from block devices.
[[0;32m  OK  [0m] Started /etc/rc.local Compatibility.
[[0;32m  OK  [0m] Started Login to default iSCSI targets.
[[0;32m  OK  [0m] Started LSB: Record successful boot for GRUB.
[[0;32m  OK  [0m] Started LSB: MD monitoring daemon.
         Starting Authenticate and Authorize Users to Run Privileged Tasks...
[[0;32m  OK  [0m] Reached target Remote File Systems (Pre).
[[0;32m  OK  [0m] Reached target Remote File Systems.
         Starting LSB: automatic crash report generation...
         Starting LSB: VirtualBox Linux Additions...
         Starting Permit User Sessions...
         Starting LSB: daemon to balance interrupts for SMP systems...
         Starting LSB: Set the CPU Frequency Scaling governor to "ondemand"...
         Starting OpenBSD Secure Shell server...
[[0;32m  OK  [0m] Started Permit User Sessions.
[[0;32m  OK  [0m] Started OpenBSD Secure Shell server.
[[0;32m  OK  [0m] Started Login Service.
[[0;32m  OK  [0m] Started Authenticate and Authorize Users to Run Privileged Tasks.
[[0;32m  OK  [0m] Started Accounts Service.
[[0;32m  OK  [0m] Started LSB: automatic crash report generation.
[[0;32m  OK  [0m] Started LSB: Set the CPU Frequency Scaling governor to "ondemand".
[[0;32m  OK  [0m] Started LSB: daemon to balance interrupts for SMP systems.
         Starting Hold until boot process finishes up...
         Starting Terminate Plymouth Boot Screen...
[[0;32m  OK  [0m] Started LSB: VirtualBox Linux Additions.
[[0;32m  OK  [0m] Started Hold until boot process finishes up.
[[0;32m  OK  [0m] Started Terminate Plymouth Boot Screen.
[[0;32m  OK  [0m] Started Serial Getty on ttyS0.
         Starting Set console scheme...
[[0;32m  OK  [0m] Started Getty on tty1.
[[0;32m  OK  [0m] Reached target Login Prompts.
[[0;32m  OK  [0m] Reached target Multi-User System.
[[0;32m  OK  [0m] Reached target Graphical Interface.
         Starting Update UTMP about System Runlevel Changes...
[[0;32m  OK  [0m] Started Set console scheme.
[[0;32m  OK  [0m] Started Update UTMP about System Runlevel Changes.
[   24.601061] cloud-init[1130]:   en_US.UTF-8... done
[   24.607233] cloud-init[1130]: Generation complete.
         Stopping OpenBSD Secure Shell server...
[[0;32m  OK  [0m] Stopped OpenBSD Secure Shell server.
         Starting OpenBSD Secure Shell server...
[[0;32m  OK  [0m] Started OpenBSD Secure Shell server.
[   25.051467] cloud-init[1130]: Cloud-init v. 0.7.9 running 'modules:config' at Mon, 01 May 2017 01:45:15 +0000. Up 23.51 seconds.
[[0;32m  OK  [0m] Started Apply the settings specified in cloud-config.
         Starting Execute cloud user/final scripts...
ci-info: no authorized ssh keys fingerprints found for user ubuntu.
<14>May  1 01:45:17 ec2: 
<14>May  1 01:45:17 ec2: #############################################################
<14>May  1 01:45:17 ec2: -----BEGIN SSH HOST KEY FINGERPRINTS-----
<14>May  1 01:45:17 ec2: 1024 SHA256:79IS4Fi+JZ2vlKhVzE8QO24gylCuiNB2zt9tAqZI6Kw root@ubuntu-xenial (DSA)
<14>May  1 01:45:17 ec2: 256 SHA256:IlpV1ZiZKSaO9sZVugSSla+AxHk4oShApBrsnGhZg4w root@ubuntu-xenial (ECDSA)
<14>May  1 01:45:17 ec2: 256 SHA256:ubmXfPZCg/FRJ5JtOdSWFI2kxqlV/fctdqSsoYRxf8o root@ubuntu-xenial (ED25519)
<14>May  1 01:45:17 ec2: 2048 SHA256:x2GEfDv6NfB5Al5+7ehIf19EVm3H0dvcK49gBRqN4H8 root@ubuntu-xenial (RSA)
<14>May  1 01:45:17 ec2: -----END SSH HOST KEY FINGERPRINTS-----
<14>May  1 01:45:17 ec2: #############################################################
-----BEGIN SSH HOST KEY KEYS-----
ecdsa-sha2-nistp256 AAAAE2VjZHNhLXNoYTItbmlzdHAyNTYAAAAIbmlzdHAyNTYAAABBBIUB8NrW6gaV/Fg4KsVRReDg+akKm+B40CqyT4IuS2whove6UuEwY3P81iKEoAS1b2Dmpz0DwB7rPmItIDSfoWI= root@ubuntu-xenial
ssh-ed25519 AAAAC3NzaC1lZDI1NTE5AAAAIMG5okvor83PGaE9GQ6Eq1g8ZkEZBKH050Bos+6wZ0H0 root@ubuntu-xenial
ssh-rsa AAAAB3NzaC1yc2EAAAADAQABAAABAQDN41t7jFa8zCN7kHD2YztEjjdUBew8T08gOrehTTh3aEJ2/Ie5YQ8Wjpvh4hto1geF18sP01a6J1PoJXXbvUSEYmAu3Av8oVxuyA4pe6VmdoHwaBwywwW1YXJ5rLWhII/X8h4jmzN+VE7OK2MSlRVnS8Tihy5qii0MJUnzcTrMOX/U+fz1mT6Y76RUR70pg4CA7rpFw8fz13hR33zHIllv2s+l8OV8Irh72OE7TCqyi0+J8aTNxoFHWalkjp5RG7kro0a0BgL3VFSXVnNctLBoumjqrPvc4veeIvzfpquJRQBDktN9iRWJdSZ5QZ1ADPPReJkaymMxsMXzx11SM+MB root@ubuntu-xenial
-----END SSH HOST KEY KEYS-----
[   25.860366] cloud-init[1298]: Cloud-init v. 0.7.9 running 'modules:final' at Mon, 01 May 2017 01:45:17 +0000. Up 25.48 seconds.
[   25.878971] cloud-init[1298]: ci-info: no authorized ssh keys fingerprints found for user ubuntu.
[   25.882913] cloud-init[1298]: Cloud-init v. 0.7.9 finished at Mon, 01 May 2017 01:45:17 +0000. Datasource DataSourceNoCloud [seed=/dev/sdb][dsmode=net].  Up 25.85 seconds
[[0;32m  OK  [0m] Started Execute cloud user/final scripts.
[[0;32m  OK  [0m] Reached target Cloud-init target.

Ubuntu 16.04.2 LTS ubuntu-xenial ttyS0

ubuntu-xenial login: 